[debug] [2025-11-08T11:47:05.867Z] ----------------------------------------------------------------------
[debug] [2025-11-08T11:47:05.872Z] Command:       C:\Program Files\nodejs\node.exe C:\Users\Administrator\AppData\Roaming\npm\node_modules\firebase-tools\lib\bin\firebase.js init
[debug] [2025-11-08T11:47:05.873Z] CLI Version:   14.24.1
[debug] [2025-11-08T11:47:05.873Z] Platform:      win32
[debug] [2025-11-08T11:47:05.873Z] Node Version:  v22.21.0
[debug] [2025-11-08T11:47:05.874Z] Time:          Sat Nov 08 2025 17:32:05 GMT+0545 (Nepal Time)
[debug] [2025-11-08T11:47:05.874Z] ----------------------------------------------------------------------
[debug] 
[info] 
     ######## #### ########  ######## ########     ###     ######  ########
     ##        ##  ##     ## ##       ##     ##  ##   ##  ##       ##
     ######    ##  ########  ######   ########  #########  ######  ######
     ##        ##  ##    ##  ##       ##     ## ##     ##       ## ##
     ##       #### ##     ## ######## ########  ##     ##  ######  ########

You're about to initialize a Firebase project in this directory:

  C:\Users\Administrator\Downloads\GuffGaff_Full_Project

Before we get started, keep in mind:

  * You are initializing within an existing Firebase project directory

[info] 
=== Project Setup
[info] 
[info] First, let's associate this project directory with a Firebase project.
[info] You can create multiple project aliases by running firebase use --add, 
[info] 
[debug] [2025-11-08T11:47:49.206Z] > command requires scopes: ["email","openid","https://www.googleapis.com/auth/cloudplatformprojects.readonly","https://www.googleapis.com/auth/firebase","https://www.googleapis.com/auth/cloud-platform"]
[debug] [2025-11-08T11:47:49.207Z] > authorizing via signed-in user (dipanshu.khadka11@gmail.com)
[debug] [2025-11-08T11:47:49.209Z] Checked if tokens are valid: true, expires at: 1762605964207
[debug] [2025-11-08T11:47:49.210Z] Checked if tokens are valid: true, expires at: 1762605964207
[debug] [2025-11-08T11:47:49.212Z] >>> [apiv2][query] GET https://firebase.googleapis.com/v1beta1/projects/guffgaff [none]
[debug] [2025-11-08T11:47:49.960Z] <<< [apiv2][status] GET https://firebase.googleapis.com/v1beta1/projects/guffgaff 403
[debug] [2025-11-08T11:47:49.961Z] <<< [apiv2][body] GET https://firebase.googleapis.com/v1beta1/projects/guffgaff {"error":{"code":403,"message":"The caller does not have permission","status":"PERMISSION_DENIED"}}
[debug] [2025-11-08T11:47:49.962Z] Request to https://firebase.googleapis.com/v1beta1/projects/guffgaff had HTTP Error: 403, The caller does not have permission
[debug] [2025-11-08T11:47:50.113Z] FirebaseError: Request to https://firebase.googleapis.com/v1beta1/projects/guffgaff had HTTP Error: 403, The caller does not have permission
    at responseToError (C:\Users\Administrator\AppData\Roaming\npm\node_modules\firebase-tools\lib\responseToError.js:53:12)
    at RetryOperation._fn (C:\Users\Administrator\AppData\Roaming\npm\node_modules\firebase-tools\lib\apiv2.js:322:77)
    at process.processTicksAndRejections (node:internal/process/task_queues:105:5)
[error] 
[error] Error: Failed to get Firebase project guffgaff. Please make sure the project exists and your account has permission to access it.
